[ 1046276ms] [ERROR] Failed to load module script: Expected a JavaScript-or-Wasm module script but the server responded with a MIME type of "text/html". Strict MIME type checking is enforced for module scripts per HTML spec. @ http://localhost:5173/guide/01-what-is-electron.md?import&t=1788328326159:0
[ 1046276ms] [ERROR] [hmr] Failed to reload /guide/01-what-is-electron.md. This could be due to syntax errors or importing non-existent modules. (see errors above) @ http://localhost:5173/@vite/client:175
[ 1046281ms] [ERROR] Failed to load module script: Expected a JavaScript-or-Wasm module script but the server responded with a MIME type of "text/html". Strict MIME type checking is enforced for module scripts per HTML spec. @ http://localhost:5173/guide/02-process-model.md?import&t=1788328326164:0
[ 1046281ms] [ERROR] [hmr] Failed to reload /guide/02-process-model.md. This could be due to syntax errors or importing non-existent modules. (see errors above) @ http://localhost:5173/@vite/client:175
[ 1046284ms] [ERROR] Failed to load module script: Expected a JavaScript-or-Wasm module script but the server responded with a MIME type of "text/html". Strict MIME type checking is enforced for module scripts per HTML spec. @ http://localhost:5173/guide/03-lifecycle.md?import&t=1788328326164:0
[ 1046284ms] [ERROR] [hmr] Failed to reload /guide/03-lifecycle.md. This could be due to syntax errors or importing non-existent modules. (see errors above) @ http://localhost:5173/@vite/client:175
[ 1046287ms] [ERROR] Failed to load module script: Expected a JavaScript-or-Wasm module script but the server responded with a MIME type of "text/html". Strict MIME type checking is enforced for module scripts per HTML spec. @ http://localhost:5173/guide/04-security.md?import&t=1788328326165:0
[ 1046287ms] [ERROR] [hmr] Failed to reload /guide/04-security.md. This could be due to syntax errors or importing non-existent modules. (see errors above) @ http://localhost:5173/@vite/client:175
[ 1046290ms] [ERROR] Failed to load module script: Expected a JavaScript-or-Wasm module script but the server responded with a MIME type of "text/html". Strict MIME type checking is enforced for module scripts per HTML spec. @ http://localhost:5173/guide/06-windows.md?import&t=1788328326165:0
[ 1046290ms] [ERROR] [hmr] Failed to reload /guide/06-windows.md. This could be due to syntax errors or importing non-existent modules. (see errors above) @ http://localhost:5173/@vite/client:175
[ 1046293ms] [ERROR] Failed to load module script: Expected a JavaScript-or-Wasm module script but the server responded with a MIME type of "text/html". Strict MIME type checking is enforced for module scripts per HTML spec. @ http://localhost:5173/guide/07-system.md?import&t=1788328326165:0
[ 1046293ms] [ERROR] [hmr] Failed to reload /guide/07-system.md. This could be due to syntax errors or importing non-existent modules. (see errors above) @ http://localhost:5173/@vite/client:175
[ 1046296ms] [ERROR] Failed to load module script: Expected a JavaScript-or-Wasm module script but the server responded with a MIME type of "text/html". Strict MIME type checking is enforced for module scripts per HTML spec. @ http://localhost:5173/guide/08-storage.md?import&t=1788328326165:0
[ 1046296ms] [ERROR] [hmr] Failed to reload /guide/08-storage.md. This could be due to syntax errors or importing non-existent modules. (see errors above) @ http://localhost:5173/@vite/client:175
[ 1046297ms] [ERROR] Failed to load module script: Expected a JavaScript-or-Wasm module script but the server responded with a MIME type of "text/html". Strict MIME type checking is enforced for module scripts per HTML spec. @ http://localhost:5173/guide/09-webview.md?import&t=1788328326167:0
[ 1046297ms] [ERROR] [hmr] Failed to reload /guide/09-webview.md. This could be due to syntax errors or importing non-existent modules. (see errors above) @ http://localhost:5173/@vite/client:175
[ 1046300ms] [ERROR] Failed to load module script: Expected a JavaScript-or-Wasm module script but the server responded with a MIME type of "text/html". Strict MIME type checking is enforced for module scripts per HTML spec. @ http://localhost:5173/guide/10-native.md?import&t=1788328326167:0
[ 1046300ms] [ERROR] [hmr] Failed to reload /guide/10-native.md. This could be due to syntax errors or importing non-existent modules. (see errors above) @ http://localhost:5173/@vite/client:175
[ 1046302ms] [ERROR] Failed to load module script: Expected a JavaScript-or-Wasm module script but the server responded with a MIME type of "text/html". Strict MIME type checking is enforced for module scripts per HTML spec. @ http://localhost:5173/guide/11-packaging.md?import&t=1788328326167:0
[ 1046302ms] [ERROR] [hmr] Failed to reload /guide/11-packaging.md. This could be due to syntax errors or importing non-existent modules. (see errors above) @ http://localhost:5173/@vite/client:175
[ 1046304ms] [ERROR] Failed to load module script: Expected a JavaScript-or-Wasm module script but the server responded with a MIME type of "text/html". Strict MIME type checking is enforced for module scripts per HTML spec. @ http://localhost:5173/guide/12-signing.md?import&t=1788328326168:0
[ 1046304ms] [ERROR] [hmr] Failed to reload /guide/12-signing.md. This could be due to syntax errors or importing non-existent modules. (see errors above) @ http://localhost:5173/@vite/client:175
[ 1046308ms] [ERROR] Failed to load module script: Expected a JavaScript-or-Wasm module script but the server responded with a MIME type of "text/html". Strict MIME type checking is enforced for module scripts per HTML spec. @ http://localhost:5173/guide/13-updates.md?import&t=1788328326168:0
[ 1046308ms] [ERROR] [hmr] Failed to reload /guide/13-updates.md. This could be due to syntax errors or importing non-existent modules. (see errors above) @ http://localhost:5173/@vite/client:175
[ 1046309ms] [ERROR] Failed to load module script: Expected a JavaScript-or-Wasm module script but the server responded with a MIME type of "text/html". Strict MIME type checking is enforced for module scripts per HTML spec. @ http://localhost:5173/guide/14-cicd.md?import&t=1788328326171:0
[ 1046309ms] [ERROR] [hmr] Failed to reload /guide/14-cicd.md. This could be due to syntax errors or importing non-existent modules. (see errors above) @ http://localhost:5173/@vite/client:175
[ 1046311ms] [ERROR] Failed to load module script: Expected a JavaScript-or-Wasm module script but the server responded with a MIME type of "text/html". Strict MIME type checking is enforced for module scripts per HTML spec. @ http://localhost:5173/guide/15-debugging.md?import&t=1788328326171:0
[ 1046311ms] [ERROR] [hmr] Failed to reload /guide/15-debugging.md. This could be due to syntax errors or importing non-existent modules. (see errors above) @ http://localhost:5173/@vite/client:175
[ 1046314ms] [ERROR] Failed to load module script: Expected a JavaScript-or-Wasm module script but the server responded with a MIME type of "text/html". Strict MIME type checking is enforced for module scripts per HTML spec. @ http://localhost:5173/guide/16-performance.md?import&t=1788328326171:0
[ 1046314ms] [ERROR] [hmr] Failed to reload /guide/16-performance.md. This could be due to syntax errors or importing non-existent modules. (see errors above) @ http://localhost:5173/@vite/client:175
[ 1046317ms] [ERROR] Failed to load module script: Expected a JavaScript-or-Wasm module script but the server responded with a MIME type of "text/html". Strict MIME type checking is enforced for module scripts per HTML spec. @ http://localhost:5173/guide/17-testing.md?import&t=1788328326172:0
[ 1046317ms] [ERROR] [hmr] Failed to reload /guide/17-testing.md. This could be due to syntax errors or importing non-existent modules. (see errors above) @ http://localhost:5173/@vite/client:175
[ 1046320ms] [ERROR] Failed to load module script: Expected a JavaScript-or-Wasm module script but the server responded with a MIME type of "text/html". Strict MIME type checking is enforced for module scripts per HTML spec. @ http://localhost:5173/guide/18-observability.md?import&t=1788328326172:0
[ 1046320ms] [ERROR] [hmr] Failed to reload /guide/18-observability.md. This could be due to syntax errors or importing non-existent modules. (see errors above) @ http://localhost:5173/@vite/client:175
[ 1046324ms] [ERROR] Failed to load module script: Expected a JavaScript-or-Wasm module script but the server responded with a MIME type of "text/html". Strict MIME type checking is enforced for module scripts per HTML spec. @ http://localhost:5173/guide/cases/01-zoom-white-screen.md?import&t=1788328326176:0
[ 1046324ms] [ERROR] [hmr] Failed to reload /guide/cases/01-zoom-white-screen.md. This could be due to syntax errors or importing non-existent modules. (see errors above) @ http://localhost:5173/@vite/client:175
[ 1046328ms] [ERROR] Failed to load module script: Expected a JavaScript-or-Wasm module script but the server responded with a MIME type of "text/html". Strict MIME type checking is enforced for module scripts per HTML spec. @ http://localhost:5173/guide/05-ipc.md?import&t=1788328326172:0
[ 1046328ms] [ERROR] [hmr] Failed to reload /guide/05-ipc.md. This could be due to syntax errors or importing non-existent modules. (see errors above) @ http://localhost:5173/@vite/client:175
[ 1046333ms] [ERROR] Failed to load module script: Expected a JavaScript-or-Wasm module script but the server responded with a MIME type of "text/html". Strict MIME type checking is enforced for module scripts per HTML spec. @ http://localhost:5173/guide/cases/02-gpu-crash.md?import&t=1788328326176:0
[ 1046333ms] [ERROR] [hmr] Failed to reload /guide/cases/02-gpu-crash.md. This could be due to syntax errors or importing non-existent modules. (see errors above) @ http://localhost:5173/@vite/client:175
[ 1046337ms] [ERROR] Failed to load module script: Expected a JavaScript-or-Wasm module script but the server responded with a MIME type of "text/html". Strict MIME type checking is enforced for module scripts per HTML spec. @ http://localhost:5173/guide/cases/03-setposition.md?import&t=1788328326176:0
[ 1046337ms] [ERROR] [hmr] Failed to reload /guide/cases/03-setposition.md. This could be due to syntax errors or importing non-existent modules. (see errors above) @ http://localhost:5173/@vite/client:175
[ 1046340ms] [ERROR] Failed to load module script: Expected a JavaScript-or-Wasm module script but the server responded with a MIME type of "text/html". Strict MIME type checking is enforced for module scripts per HTML spec. @ http://localhost:5173/guide/cases/04-multi-window-crash.md?import&t=1788328326177:0
[ 1046340ms] [ERROR] [hmr] Failed to reload /guide/cases/04-multi-window-crash.md. This could be due to syntax errors or importing non-existent modules. (see errors above) @ http://localhost:5173/@vite/client:175
[ 1046341ms] [ERROR] Failed to load module script: Expected a JavaScript-or-Wasm module script but the server responded with a MIME type of "text/html". Strict MIME type checking is enforced for module scripts per HTML spec. @ http://localhost:5173/guide/cases/05-browserview-coords.md?import&t=1788328326178:0
[ 1046341ms] [ERROR] [hmr] Failed to reload /guide/cases/05-browserview-coords.md. This could be due to syntax errors or importing non-existent modules. (see errors above) @ http://localhost:5173/@vite/client:175
[ 1046345ms] [ERROR] Failed to load module script: Expected a JavaScript-or-Wasm module script but the server responded with a MIME type of "text/html". Strict MIME type checking is enforced for module scripts per HTML spec. @ http://localhost:5173/guide/cases/06-apple-silicon.md?import&t=1788328326178:0
[ 1046345ms] [ERROR] [hmr] Failed to reload /guide/cases/06-apple-silicon.md. This could be due to syntax errors or importing non-existent modules. (see errors above) @ http://localhost:5173/@vite/client:175
[ 1046348ms] [ERROR] Failed to load module script: Expected a JavaScript-or-Wasm module script but the server responded with a MIME type of "text/html". Strict MIME type checking is enforced for module scripts per HTML spec. @ http://localhost:5173/guide/cases/07-flag-not-working.md?import&t=1788328326179:0
[ 1046348ms] [ERROR] [hmr] Failed to reload /guide/cases/07-flag-not-working.md. This could be due to syntax errors or importing non-existent modules. (see errors above) @ http://localhost:5173/@vite/client:175
[ 1112164ms] [LOG] [vite] server connection lost. Polling for restart... @ http://localhost:5173/@vite/client:559
[ 1112173ms] [ERROR] Failed to load resource: net::ERR_CONNECTION_REFUSED @ http://localhost:5173/:0
[ 1727444ms] [ERROR] Failed to load module script: Expected a JavaScript-or-Wasm module script but the server responded with a MIME type of "text/html". Strict MIME type checking is enforced for module scripts per HTML spec. @ http://localhost:5173/guide/01-what-is-electron.md?import&t=1788329007304:0
[ 1727458ms] [ERROR] Failed to load module script: Expected a JavaScript-or-Wasm module script but the server responded with a MIME type of "text/html". Strict MIME type checking is enforced for module scripts per HTML spec. @ http://localhost:5173/guide/01-what-is-electron/index.md?import&t=1788329007304:0
